RAM Allocation [bytes]
Variable                                                                          Address   Size
------------------------------------------------------------------------------------------------
keypad                                                                            0x0500      18
data                                                                              0x0512      16
_seed                                                                             0x0522       4
_base_y                                                                           0x0526       4

EEPROM Allocation [bytes]
Variable                                                                          Address   Size
------------------------------------------------------------------------------------------------

Register Allocation
Variable                                                                          Register  Size
------------------------------------------------------------------------------------------------
_lcd_x                                                                            R5           1
_lcd_y                                                                            R4           1
_lcd_maxx                                                                         R7           1

FLASH Allocation [words]
Function                                                                          Address   Size
------------------------------------------------------------------------------------------------
BUTTON                                                                            0x0009B     85
main                                                                              0x000F0     18
put_buff_G100                                                                     0x00102     64
_print_G100                                                                       0x00142    308
sprintf                                                                           0x00276     52
_lcd_write_nibble_G102                                                            0x002AA     37
_lcd_write_data                                                                   0x002CF     12
lcd_gotoxy                                                                        0x002DB     13
lcd_clear                                                                         0x002E8     12
lcd_putchar                                                                       0x002F4     21
lcd_puts                                                                          0x00309     17
lcd_init                                                                          0x0031A     47
strlen                                                                            0x00349     12
strlenf                                                                           0x00355     13
