RAM Allocation [bytes]
Variable                                                                          Address   Size
------------------------------------------------------------------------------------------------
buffer                                                                            0x0500      10
_base_y                                                                           0x050A       4

EEPROM Allocation [bytes]
Variable                                                                          Address   Size
------------------------------------------------------------------------------------------------

Register Allocation
Variable                                                                          Register  Size
------------------------------------------------------------------------------------------------
dem                                                                               R4,R5        2
_lcd_x                                                                            R7           1
_lcd_y                                                                            R6           1
_lcd_maxx                                                                         R9           1

FLASH Allocation [words]
Function                                                                          Address   Size
------------------------------------------------------------------------------------------------
main                                                                              0x00091     82
_lcd_write_nibble_G100                                                            0x000E3     37
_lcd_write_data                                                                   0x00108     12
lcd_gotoxy                                                                        0x00114     13
lcd_clear                                                                         0x00121     12
lcd_putchar                                                                       0x0012D     21
lcd_puts                                                                          0x00142     17
lcd_init                                                                          0x00153     47
put_buff_G101                                                                     0x00182     64
_print_G101                                                                       0x001C2    308
sprintf                                                                           0x002F6     52
strlen                                                                            0x0032A     12
strlenf                                                                           0x00336     13
